// Vitest Snapshot v1, https://vitest.dev/guide/snapshot.html

exports[`should render BrandsCard component 1`] = `
{
  "asFragment": [Function],
  "baseElement": <body>
    <div>
      <div
        class="row align-items-center mt-3 border border-2 rounded shadow"
      >
        <div
          class="col-md-6"
        >
          <canvas
            height="0"
            role="img"
            style="display: block; box-sizing: border-box; height: 0px; width: 0px;"
            width="0"
          />
        </div>
        <div
          class="col-md-6"
        >
          <div>
            <h4>
              Customer mentions of the brands 
              <span
                class="fw-bold"
              >
                Brand 1
              </span>
               and 
              <span
                class="fw-bold"
              >
                Brand 2
              </span>
               have been detected across sales calls
            </h4>
            <p
              class="text-muted"
            >
              When customers mention brands, it can surface new competitors and opportunities to update sales strategies
            </p>
          </div>
        </div>
      </div>
    </div>
  </body>,
  "container": <div>
    <div
      class="row align-items-center mt-3 border border-2 rounded shadow"
    >
      <div
        class="col-md-6"
      >
        <canvas
          height="0"
          role="img"
          style="display: block; box-sizing: border-box; height: 0px; width: 0px;"
          width="0"
        />
      </div>
      <div
        class="col-md-6"
      >
        <div>
          <h4>
            Customer mentions of the brands 
            <span
              class="fw-bold"
            >
              Brand 1
            </span>
             and 
            <span
              class="fw-bold"
            >
              Brand 2
            </span>
             have been detected across sales calls
          </h4>
          <p
            class="text-muted"
          >
            When customers mention brands, it can surface new competitors and opportunities to update sales strategies
          </p>
        </div>
      </div>
    </div>
  </div>,
  "debug": [Function],
  "findAllByAltText": [Function],
  "findAllByDisplayValue": [Function],
  "findAllByLabelText": [Function],
  "findAllByPlaceholderText": [Function],
  "findAllByRole": [Function],
  "findAllByTestId": [Function],
  "findAllByText": [Function],
  "findAllByTitle": [Function],
  "findByAltText": [Function],
  "findByDisplayValue": [Function],
  "findByLabelText": [Function],
  "findByPlaceholderText": [Function],
  "findByRole": [Function],
  "findByTestId": [Function],
  "findByText": [Function],
  "findByTitle": [Function],
  "getAllByAltText": [Function],
  "getAllByDisplayValue": [Function],
  "getAllByLabelText": [Function],
  "getAllByPlaceholderText": [Function],
  "getAllByRole": [Function],
  "getAllByTestId": [Function],
  "getAllByText": [Function],
  "getAllByTitle": [Function],
  "getByAltText": [Function],
  "getByDisplayValue": [Function],
  "getByLabelText": [Function],
  "getByPlaceholderText": [Function],
  "getByRole": [Function],
  "getByTestId": [Function],
  "getByText": [Function],
  "getByTitle": [Function],
  "queryAllByAltText": [Function],
  "queryAllByDisplayValue": [Function],
  "queryAllByLabelText": [Function],
  "queryAllByPlaceholderText": [Function],
  "queryAllByRole": [Function],
  "queryAllByTestId": [Function],
  "queryAllByText": [Function],
  "queryAllByTitle": [Function],
  "queryByAltText": [Function],
  "queryByDisplayValue": [Function],
  "queryByLabelText": [Function],
  "queryByPlaceholderText": [Function],
  "queryByRole": [Function],
  "queryByTestId": [Function],
  "queryByText": [Function],
  "queryByTitle": [Function],
  "rerender": [Function],
  "unmount": [Function],
}
`;
