// Jest Snapshot v1, https://goo.gl/fbAQLP

exports[`should render Header component 1`] = `
Object {
  "asFragment": [Function],
  "baseElement": <body>
    <div>
      <div
        class="row g-0 bg-primary p-2 justify-content-between align-items-center"
      >
        <div
          class="col-1 col-md-1"
        >
          <i
            class="bi bi-grid-3x3-gap text-white"
            style="font-size: 30px;"
          />
        </div>
        <div
          class="col-5 col-md-4"
        >
          <div
            class="input-group"
          >
            <input
              class="form-control"
              placeholder="Search for keywords, brands, tags and more"
            />
            <span
              class="input-group-text"
            >
              <i
                class="bi bi-search"
              />
            </span>
          </div>
        </div>
        <div
          class="col-3 col-md-1 d-flex"
        >
          <i
            class="bi bi-gear text-white"
            style="font-size: 30px;"
          />
          <img
            alt="user"
            class="rounded-circle ms-1"
            height="50"
            src="https://randomuser.me/api/portraits/men/18.jpg"
            width="50"
          />
        </div>
      </div>
    </div>
  </body>,
  "container": <div>
    <div
      class="row g-0 bg-primary p-2 justify-content-between align-items-center"
    >
      <div
        class="col-1 col-md-1"
      >
        <i
          class="bi bi-grid-3x3-gap text-white"
          style="font-size: 30px;"
        />
      </div>
      <div
        class="col-5 col-md-4"
      >
        <div
          class="input-group"
        >
          <input
            class="form-control"
            placeholder="Search for keywords, brands, tags and more"
          />
          <span
            class="input-group-text"
          >
            <i
              class="bi bi-search"
            />
          </span>
        </div>
      </div>
      <div
        class="col-3 col-md-1 d-flex"
      >
        <i
          class="bi bi-gear text-white"
          style="font-size: 30px;"
        />
        <img
          alt="user"
          class="rounded-circle ms-1"
          height="50"
          src="https://randomuser.me/api/portraits/men/18.jpg"
          width="50"
        />
      </div>
    </div>
  </div>,
  "debug": [Function],
  "findAllByAltText": [Function],
  "findAllByDisplayValue": [Function],
  "findAllByLabelText": [Function],
  "findAllByPlaceholderText": [Function],
  "findAllByRole": [Function],
  "findAllByTestId": [Function],
  "findAllByText": [Function],
  "findAllByTitle": [Function],
  "findByAltText": [Function],
  "findByDisplayValue": [Function],
  "findByLabelText": [Function],
  "findByPlaceholderText": [Function],
  "findByRole": [Function],
  "findByTestId": [Function],
  "findByText": [Function],
  "findByTitle": [Function],
  "getAllByAltText": [Function],
  "getAllByDisplayValue": [Function],
  "getAllByLabelText": [Function],
  "getAllByPlaceholderText": [Function],
  "getAllByRole": [Function],
  "getAllByTestId": [Function],
  "getAllByText": [Function],
  "getAllByTitle": [Function],
  "getByAltText": [Function],
  "getByDisplayValue": [Function],
  "getByLabelText": [Function],
  "getByPlaceholderText": [Function],
  "getByRole": [Function],
  "getByTestId": [Function],
  "getByText": [Function],
  "getByTitle": [Function],
  "queryAllByAltText": [Function],
  "queryAllByDisplayValue": [Function],
  "queryAllByLabelText": [Function],
  "queryAllByPlaceholderText": [Function],
  "queryAllByRole": [Function],
  "queryAllByTestId": [Function],
  "queryAllByText": [Function],
  "queryAllByTitle": [Function],
  "queryByAltText": [Function],
  "queryByDisplayValue": [Function],
  "queryByLabelText": [Function],
  "queryByPlaceholderText": [Function],
  "queryByRole": [Function],
  "queryByTestId": [Function],
  "queryByText": [Function],
  "queryByTitle": [Function],
  "rerender": [Function],
  "unmount": [Function],
}
`;
