// Jest Snapshot v1, https://goo.gl/fbAQLP

exports[`should render component 1`] = `
Object {
  "asFragment": [Function],
  "baseElement": <body>
    <div>
      <div
        class="row g-0"
      >
        <div
          class="col-md-2"
        >
          <aside
            class="sc-gswNZR evtUrT sidebar"
            data-testid="sidebar-test-id"
            width="210px"
          >
            <div
              class="sc-dkrFOg fpTHfu sidebar-inner"
              data-testid="inner-sidebar-test-id"
            >
              <nav
                class="menu"
              >
                <ul
                  class="sc-eDvSVe gnJkew"
                >
                  <li
                    class="sc-bqWxrE ewrzPa menu-item"
                  >
                    <a
                      class="sc-pyfCe lkTtqM menu-anchor"
                      href="/"
                    >
                      <span
                        class="sc-iBYQkv elxmsR menu-icon"
                      >
                        <i
                          class="bi bi-house-door"
                        />
                      </span>
                      <span
                        class="sc-ftTHYK fEqIKp menu-prefix"
                      >
                        <span>
                          Home
                        </span>
                      </span>
                      <span
                        class="sc-gKPRtg ktVuSn menu-label"
                      />
                    </a>
                  </li>
                  <li
                    class="sc-bqWxrE ewrzPa menu-item"
                  >
                    <a
                      class="sc-pyfCe lkTtqM menu-anchor"
                      href="/transcript-summary"
                    >
                      <span
                        class="sc-iBYQkv elxmsR menu-icon"
                      >
                        <i
                          class="bi bi-card-list"
                        />
                      </span>
                      <span
                        class="sc-ftTHYK fEqIKp menu-prefix"
                      >
                        <span>
                          Transcript Summary
                        </span>
                      </span>
                      <span
                        class="sc-gKPRtg ktVuSn menu-label"
                      />
                    </a>
                  </li>
                  <li
                    class="sc-bqWxrE ewrzPa menu-item"
                  >
                    <a
                      class="sc-pyfCe lkTtqM menu-anchor"
                      href="/seller-details"
                    >
                      <span
                        class="sc-iBYQkv elxmsR menu-icon"
                      >
                        <i
                          class="bi bi-person"
                        />
                      </span>
                      <span
                        class="sc-ftTHYK fEqIKp menu-prefix"
                      >
                        <span>
                          Seller Details
                        </span>
                      </span>
                      <span
                        class="sc-gKPRtg ktVuSn menu-label"
                      />
                    </a>
                  </li>
                </ul>
              </nav>
            </div>
          </aside>
        </div>
        <div
          class="col-md-10"
        >
          <div>
            content
          </div>
        </div>
      </div>
    </div>
  </body>,
  "container": <div>
    <div
      class="row g-0"
    >
      <div
        class="col-md-2"
      >
        <aside
          class="sc-gswNZR evtUrT sidebar"
          data-testid="sidebar-test-id"
          width="210px"
        >
          <div
            class="sc-dkrFOg fpTHfu sidebar-inner"
            data-testid="inner-sidebar-test-id"
          >
            <nav
              class="menu"
            >
              <ul
                class="sc-eDvSVe gnJkew"
              >
                <li
                  class="sc-bqWxrE ewrzPa menu-item"
                >
                  <a
                    class="sc-pyfCe lkTtqM menu-anchor"
                    href="/"
                  >
                    <span
                      class="sc-iBYQkv elxmsR menu-icon"
                    >
                      <i
                        class="bi bi-house-door"
                      />
                    </span>
                    <span
                      class="sc-ftTHYK fEqIKp menu-prefix"
                    >
                      <span>
                        Home
                      </span>
                    </span>
                    <span
                      class="sc-gKPRtg ktVuSn menu-label"
                    />
                  </a>
                </li>
                <li
                  class="sc-bqWxrE ewrzPa menu-item"
                >
                  <a
                    class="sc-pyfCe lkTtqM menu-anchor"
                    href="/transcript-summary"
                  >
                    <span
                      class="sc-iBYQkv elxmsR menu-icon"
                    >
                      <i
                        class="bi bi-card-list"
                      />
                    </span>
                    <span
                      class="sc-ftTHYK fEqIKp menu-prefix"
                    >
                      <span>
                        Transcript Summary
                      </span>
                    </span>
                    <span
                      class="sc-gKPRtg ktVuSn menu-label"
                    />
                  </a>
                </li>
                <li
                  class="sc-bqWxrE ewrzPa menu-item"
                >
                  <a
                    class="sc-pyfCe lkTtqM menu-anchor"
                    href="/seller-details"
                  >
                    <span
                      class="sc-iBYQkv elxmsR menu-icon"
                    >
                      <i
                        class="bi bi-person"
                      />
                    </span>
                    <span
                      class="sc-ftTHYK fEqIKp menu-prefix"
                    >
                      <span>
                        Seller Details
                      </span>
                    </span>
                    <span
                      class="sc-gKPRtg ktVuSn menu-label"
                    />
                  </a>
                </li>
              </ul>
            </nav>
          </div>
        </aside>
      </div>
      <div
        class="col-md-10"
      >
        <div>
          content
        </div>
      </div>
    </div>
  </div>,
  "debug": [Function],
  "findAllByAltText": [Function],
  "findAllByDisplayValue": [Function],
  "findAllByLabelText": [Function],
  "findAllByPlaceholderText": [Function],
  "findAllByRole": [Function],
  "findAllByTestId": [Function],
  "findAllByText": [Function],
  "findAllByTitle": [Function],
  "findByAltText": [Function],
  "findByDisplayValue": [Function],
  "findByLabelText": [Function],
  "findByPlaceholderText": [Function],
  "findByRole": [Function],
  "findByTestId": [Function],
  "findByText": [Function],
  "findByTitle": [Function],
  "getAllByAltText": [Function],
  "getAllByDisplayValue": [Function],
  "getAllByLabelText": [Function],
  "getAllByPlaceholderText": [Function],
  "getAllByRole": [Function],
  "getAllByTestId": [Function],
  "getAllByText": [Function],
  "getAllByTitle": [Function],
  "getByAltText": [Function],
  "getByDisplayValue": [Function],
  "getByLabelText": [Function],
  "getByPlaceholderText": [Function],
  "getByRole": [Function],
  "getByTestId": [Function],
  "getByText": [Function],
  "getByTitle": [Function],
  "queryAllByAltText": [Function],
  "queryAllByDisplayValue": [Function],
  "queryAllByLabelText": [Function],
  "queryAllByPlaceholderText": [Function],
  "queryAllByRole": [Function],
  "queryAllByTestId": [Function],
  "queryAllByText": [Function],
  "queryAllByTitle": [Function],
  "queryByAltText": [Function],
  "queryByDisplayValue": [Function],
  "queryByLabelText": [Function],
  "queryByPlaceholderText": [Function],
  "queryByRole": [Function],
  "queryByTestId": [Function],
  "queryByText": [Function],
  "queryByTitle": [Function],
  "rerender": [Function],
  "unmount": [Function],
}
`;
