// Vitest Snapshot v1, https://vitest.dev/guide/snapshot.html

exports[`should render TeamInsights component 1`] = `
{
  "asFragment": [Function],
  "baseElement": <body>
    <div>
      <div
        class="row mt-3"
      >
        <div
          class="col-md-12"
        >
          <h3
            class="fw-bold"
          >
            Team Insights
          </h3>
          <div
            class="row mt-3 mb-3 p-3 bg-light border rounded"
          >
            <div
              class="col-md-12"
            >
              <div
                class="row"
              >
                <div
                  class="col-md-12"
                >
                  <div>
                    <span
                      class="text-info"
                    >
                      John Smith
                    </span>
                     and 
                    <span
                      class="text-info"
                    >
                      Peter Potter
                    </span>
                     appear to talk the most, averaging 
                    <span
                      class="fw-bold"
                    >
                      68%
                    </span>
                     during calls.
                  </div>
                </div>
              </div>
              <div
                class="row mt-3 text-muted"
              >
                <div
                  class="col-md-12"
                >
                  <div>
                    This is 
                    <span
                      class="fw-bold"
                    >
                      21%
                    </span>
                     higher than your top performers who average 
                    <span
                      class="fw-bold"
                    >
                      56%
                    </span>
                     during calls.
                  </div>
                </div>
              </div>
            </div>
          </div>
          <div
            class="row mt-3 mb-3 p-3 bg-light border rounded"
          >
            <div
              class="col-md-12"
            >
              <div
                class="row"
              >
                <div
                  class="col-md-12"
                >
                  <div>
                    <span
                      class="text-info"
                    >
                      Jane Smith
                    </span>
                     appears to talk the least, averaging 
                    <span
                      class="fw-bold"
                    >
                      51%
                    </span>
                     during calls.
                  </div>
                </div>
              </div>
              <div
                class="row mt-3 text-muted"
              >
                <div
                  class="col-md-12"
                >
                  <div>
                    This is 
                    <span
                      class="fw-bold"
                    >
                      9%
                    </span>
                     lower than your top performers who average 
                    <span
                      class="fw-bold"
                    >
                      56%
                    </span>
                     during calls.
                  </div>
                </div>
              </div>
            </div>
          </div>
          <div
            class="row mt-3 mb-3 p-3 bg-light border rounded"
          >
            <div
              class="col-md-12"
            >
              <div
                class="row"
              >
                <div
                  class="col-md-12"
                >
                  <div>
                    <span
                      class="text-info"
                    >
                      Simon Doe
                    </span>
                     and 
                    <span
                      class="text-info"
                    >
                      William Blake
                    </span>
                     have the lowest talking speed, averaging 
                    <span
                      class="fw-bold"
                    >
                      118
                    </span>
                     words per minute.
                  </div>
                </div>
              </div>
              <div
                class="row mt-3 text-muted"
              >
                <div
                  class="col-md-12"
                >
                  <div>
                    This is 
                    <span
                      class="fw-bold"
                    >
                      21%
                    </span>
                     lower than your top performers who average 
                    <span
                      class="fw-bold"
                    >
                      146
                    </span>
                     words per minute.
                  </div>
                </div>
              </div>
            </div>
          </div>
        </div>
      </div>
    </div>
  </body>,
  "container": <div>
    <div
      class="row mt-3"
    >
      <div
        class="col-md-12"
      >
        <h3
          class="fw-bold"
        >
          Team Insights
        </h3>
        <div
          class="row mt-3 mb-3 p-3 bg-light border rounded"
        >
          <div
            class="col-md-12"
          >
            <div
              class="row"
            >
              <div
                class="col-md-12"
              >
                <div>
                  <span
                    class="text-info"
                  >
                    John Smith
                  </span>
                   and 
                  <span
                    class="text-info"
                  >
                    Peter Potter
                  </span>
                   appear to talk the most, averaging 
                  <span
                    class="fw-bold"
                  >
                    68%
                  </span>
                   during calls.
                </div>
              </div>
            </div>
            <div
              class="row mt-3 text-muted"
            >
              <div
                class="col-md-12"
              >
                <div>
                  This is 
                  <span
                    class="fw-bold"
                  >
                    21%
                  </span>
                   higher than your top performers who average 
                  <span
                    class="fw-bold"
                  >
                    56%
                  </span>
                   during calls.
                </div>
              </div>
            </div>
          </div>
        </div>
        <div
          class="row mt-3 mb-3 p-3 bg-light border rounded"
        >
          <div
            class="col-md-12"
          >
            <div
              class="row"
            >
              <div
                class="col-md-12"
              >
                <div>
                  <span
                    class="text-info"
                  >
                    Jane Smith
                  </span>
                   appears to talk the least, averaging 
                  <span
                    class="fw-bold"
                  >
                    51%
                  </span>
                   during calls.
                </div>
              </div>
            </div>
            <div
              class="row mt-3 text-muted"
            >
              <div
                class="col-md-12"
              >
                <div>
                  This is 
                  <span
                    class="fw-bold"
                  >
                    9%
                  </span>
                   lower than your top performers who average 
                  <span
                    class="fw-bold"
                  >
                    56%
                  </span>
                   during calls.
                </div>
              </div>
            </div>
          </div>
        </div>
        <div
          class="row mt-3 mb-3 p-3 bg-light border rounded"
        >
          <div
            class="col-md-12"
          >
            <div
              class="row"
            >
              <div
                class="col-md-12"
              >
                <div>
                  <span
                    class="text-info"
                  >
                    Simon Doe
                  </span>
                   and 
                  <span
                    class="text-info"
                  >
                    William Blake
                  </span>
                   have the lowest talking speed, averaging 
                  <span
                    class="fw-bold"
                  >
                    118
                  </span>
                   words per minute.
                </div>
              </div>
            </div>
            <div
              class="row mt-3 text-muted"
            >
              <div
                class="col-md-12"
              >
                <div>
                  This is 
                  <span
                    class="fw-bold"
                  >
                    21%
                  </span>
                   lower than your top performers who average 
                  <span
                    class="fw-bold"
                  >
                    146
                  </span>
                   words per minute.
                </div>
              </div>
            </div>
          </div>
        </div>
      </div>
    </div>
  </div>,
  "debug": [Function],
  "findAllByAltText": [Function],
  "findAllByDisplayValue": [Function],
  "findAllByLabelText": [Function],
  "findAllByPlaceholderText": [Function],
  "findAllByRole": [Function],
  "findAllByTestId": [Function],
  "findAllByText": [Function],
  "findAllByTitle": [Function],
  "findByAltText": [Function],
  "findByDisplayValue": [Function],
  "findByLabelText": [Function],
  "findByPlaceholderText": [Function],
  "findByRole": [Function],
  "findByTestId": [Function],
  "findByText": [Function],
  "findByTitle": [Function],
  "getAllByAltText": [Function],
  "getAllByDisplayValue": [Function],
  "getAllByLabelText": [Function],
  "getAllByPlaceholderText": [Function],
  "getAllByRole": [Function],
  "getAllByTestId": [Function],
  "getAllByText": [Function],
  "getAllByTitle": [Function],
  "getByAltText": [Function],
  "getByDisplayValue": [Function],
  "getByLabelText": [Function],
  "getByPlaceholderText": [Function],
  "getByRole": [Function],
  "getByTestId": [Function],
  "getByText": [Function],
  "getByTitle": [Function],
  "queryAllByAltText": [Function],
  "queryAllByDisplayValue": [Function],
  "queryAllByLabelText": [Function],
  "queryAllByPlaceholderText": [Function],
  "queryAllByRole": [Function],
  "queryAllByTestId": [Function],
  "queryAllByText": [Function],
  "queryAllByTitle": [Function],
  "queryByAltText": [Function],
  "queryByDisplayValue": [Function],
  "queryByLabelText": [Function],
  "queryByPlaceholderText": [Function],
  "queryByRole": [Function],
  "queryByTestId": [Function],
  "queryByText": [Function],
  "queryByTitle": [Function],
  "rerender": [Function],
  "unmount": [Function],
}
`;
