// Jest Snapshot v1, https://goo.gl/fbAQLP

exports[`should render component 1`] = `
Object {
  "asFragment": [Function],
  "baseElement": <body>
    <div>
      <div
        class="row g-0 mt-3 justify-content-center"
      >
        <h3
          class="text-center"
        >
          Transcript Summary
        </h3>
        <div
          class="col-md-5"
        >
          <ul
            class="mb-3 nav nav-tabs"
            role="tablist"
          >
            <li
              class="nav-item"
              role="presentation"
            >
              <button
                aria-controls="tabs-id-tabpane-overview"
                aria-selected="true"
                class="nav-link active"
                data-rr-ui-event-key="overview"
                id="tabs-id-tab-overview"
                role="tab"
                type="button"
              >
                Overview
              </button>
            </li>
            <li
              class="nav-item"
              role="presentation"
            >
              <button
                aria-controls="tabs-id-tabpane-action-items"
                aria-selected="false"
                class="nav-link"
                data-rr-ui-event-key="action-items"
                id="tabs-id-tab-action-items"
                role="tab"
                tabindex="-1"
                type="button"
              >
                Action Items
              </button>
            </li>
            <li
              class="nav-item"
              role="presentation"
            >
              <button
                aria-controls="tabs-id-tabpane-highlights"
                aria-selected="false"
                class="nav-link"
                data-rr-ui-event-key="highlights"
                id="tabs-id-tab-highlights"
                role="tab"
                tabindex="-1"
                type="button"
              >
                Highlights
              </button>
            </li>
          </ul>
          <div
            class="tab-content"
          >
            <div
              aria-labelledby="tabs-id-tab-overview"
              class="fade tab-pane active show"
              id="tabs-id-tabpane-overview"
              role="tabpanel"
            >
              <div
                class="row"
              >
                <div
                  class="col-md-12"
                >
                  <div
                    class="row justify-content-between"
                  >
                    <div
                      class="col-md-5"
                    >
                      <span
                        class="fw-bold"
                      >
                        Related Records
                      </span>
                      <div>
                        <i
                          class="bi bi-journal-check"
                        />
                        <i
                          class="bi bi-bookmark ms-3"
                        />
                        <i
                          class="bi bi-telephone-plus ms-3"
                        />
                        <i
                          class="bi bi-inboxes ms-3"
                        />
                      </div>
                    </div>
                    <div
                      class="col-md-5 text-end"
                    >
                      Edit
                    </div>
                  </div>
                  <div
                    class="row mt-3 justify-content-between"
                  >
                    <div
                      class="col-md-12"
                    >
                      <div
                        class="fw-bold"
                      >
                        Tags
                      </div>
                      <button
                        class="btn btn-primary"
                      >
                        Add call tags 
                        <i
                          class="bi bi-plus-circle"
                        />
                      </button>
                    </div>
                  </div>
                  <div
                    class="row mt-3 justify-content-between"
                  >
                    <div
                      class="col-md-12"
                    >
                      <div
                        class="fw-bold"
                      >
                        Attendees
                      </div>
                      <div
                        class="row mt-1 align-items-center"
                      >
                        <div
                          class="col-md-2"
                        >
                          <div
                            class="rounded-circle bg-primary d-flex justify-content-center align-items-center text-white fw-bold"
                            style="width: 40px; height: 40px;"
                          >
                            JS
                          </div>
                        </div>
                        <div
                          class="col-md-5"
                        >
                          <h4
                            class="m-0"
                          >
                            James Smith
                          </h4>
                        </div>
                      </div>
                      <div
                        class="row mt-1 align-items-center"
                      >
                        <div
                          class="col-md-2"
                        >
                          <div
                            class="rounded-circle bg-primary d-flex justify-content-center align-items-center text-white fw-bold"
                            style="width: 40px; height: 40px;"
                          >
                            IG
                          </div>
                        </div>
                        <div
                          class="col-md-5"
                        >
                          <h4
                            class="m-0"
                          >
                            Isabel Garcia
                          </h4>
                        </div>
                      </div>
                      <div
                        class="row mt-1 align-items-center"
                      >
                        <div
                          class="col-md-2"
                        >
                          <div
                            class="rounded-circle bg-primary d-flex justify-content-center align-items-center text-white fw-bold"
                            style="width: 40px; height: 40px;"
                          >
                            MB
                          </div>
                        </div>
                        <div
                          class="col-md-5"
                        >
                          <h4
                            class="m-0"
                          >
                            Madison Butler
                          </h4>
                        </div>
                      </div>
                    </div>
                  </div>
                </div>
              </div>
            </div>
            <div
              aria-labelledby="tabs-id-tab-action-items"
              class="fade tab-pane"
              id="tabs-id-tabpane-action-items"
              role="tabpanel"
            >
              <div
                class="row"
              >
                <div
                  class="col-md-12"
                >
                  <div
                    class="row mt-3 border rounded p-3"
                  >
                    <div
                      class="col-md-12"
                    >
                      <i
                        class="bi bi-envelope"
                      />
                      <span
                        class="fw-bold ms-3"
                      >
                        Email Suggestion
                      </span>
                      <h5>
                        Madison Butler to send email about "the quote"
                      </h5>
                    </div>
                  </div>
                  <div
                    class="row mt-3 border rounded p-3"
                  >
                    <div
                      class="col-md-12"
                    >
                      <i
                        class="bi bi-envelope"
                      />
                      <span
                        class="fw-bold ms-3"
                      >
                        Email Suggestion
                      </span>
                      <h5>
                        Madison Butler to send email about "presentation"
                      </h5>
                    </div>
                  </div>
                </div>
              </div>
            </div>
            <div
              aria-labelledby="tabs-id-tab-highlights"
              class="fade tab-pane"
              id="tabs-id-tabpane-highlights"
              role="tabpanel"
            >
              <div
                class="row"
              >
                <div
                  class="col-md-12"
                >
                  <h4>
                    Keywords Mentioned
                  </h4>
                  <div
                    class="badge bg-primary p-2"
                  >
                    quote (2)
                  </div>
                  <h4
                    class="mt-3"
                  >
                    People
                  </h4>
                  <div
                    class="badge bg-primary p-2"
                  >
                    John (1)
                  </div>
                  <div
                    class="badge bg-primary p-2 ms-3"
                  >
                    Peter (1)
                  </div>
                  <h4
                    class="mt-3"
                  >
                    Times
                  </h4>
                  <div
                    class="badge bg-primary p-2"
                  >
                    yesterday (1)
                  </div>
                  <div
                    class="badge bg-primary p-2 ms-3"
                  >
                    today (2)
                  </div>
                </div>
              </div>
            </div>
          </div>
        </div>
        <div
          class="col-md-5"
        />
      </div>
    </div>
  </body>,
  "container": <div>
    <div
      class="row g-0 mt-3 justify-content-center"
    >
      <h3
        class="text-center"
      >
        Transcript Summary
      </h3>
      <div
        class="col-md-5"
      >
        <ul
          class="mb-3 nav nav-tabs"
          role="tablist"
        >
          <li
            class="nav-item"
            role="presentation"
          >
            <button
              aria-controls="tabs-id-tabpane-overview"
              aria-selected="true"
              class="nav-link active"
              data-rr-ui-event-key="overview"
              id="tabs-id-tab-overview"
              role="tab"
              type="button"
            >
              Overview
            </button>
          </li>
          <li
            class="nav-item"
            role="presentation"
          >
            <button
              aria-controls="tabs-id-tabpane-action-items"
              aria-selected="false"
              class="nav-link"
              data-rr-ui-event-key="action-items"
              id="tabs-id-tab-action-items"
              role="tab"
              tabindex="-1"
              type="button"
            >
              Action Items
            </button>
          </li>
          <li
            class="nav-item"
            role="presentation"
          >
            <button
              aria-controls="tabs-id-tabpane-highlights"
              aria-selected="false"
              class="nav-link"
              data-rr-ui-event-key="highlights"
              id="tabs-id-tab-highlights"
              role="tab"
              tabindex="-1"
              type="button"
            >
              Highlights
            </button>
          </li>
        </ul>
        <div
          class="tab-content"
        >
          <div
            aria-labelledby="tabs-id-tab-overview"
            class="fade tab-pane active show"
            id="tabs-id-tabpane-overview"
            role="tabpanel"
          >
            <div
              class="row"
            >
              <div
                class="col-md-12"
              >
                <div
                  class="row justify-content-between"
                >
                  <div
                    class="col-md-5"
                  >
                    <span
                      class="fw-bold"
                    >
                      Related Records
                    </span>
                    <div>
                      <i
                        class="bi bi-journal-check"
                      />
                      <i
                        class="bi bi-bookmark ms-3"
                      />
                      <i
                        class="bi bi-telephone-plus ms-3"
                      />
                      <i
                        class="bi bi-inboxes ms-3"
                      />
                    </div>
                  </div>
                  <div
                    class="col-md-5 text-end"
                  >
                    Edit
                  </div>
                </div>
                <div
                  class="row mt-3 justify-content-between"
                >
                  <div
                    class="col-md-12"
                  >
                    <div
                      class="fw-bold"
                    >
                      Tags
                    </div>
                    <button
                      class="btn btn-primary"
                    >
                      Add call tags 
                      <i
                        class="bi bi-plus-circle"
                      />
                    </button>
                  </div>
                </div>
                <div
                  class="row mt-3 justify-content-between"
                >
                  <div
                    class="col-md-12"
                  >
                    <div
                      class="fw-bold"
                    >
                      Attendees
                    </div>
                    <div
                      class="row mt-1 align-items-center"
                    >
                      <div
                        class="col-md-2"
                      >
                        <div
                          class="rounded-circle bg-primary d-flex justify-content-center align-items-center text-white fw-bold"
                          style="width: 40px; height: 40px;"
                        >
                          JS
                        </div>
                      </div>
                      <div
                        class="col-md-5"
                      >
                        <h4
                          class="m-0"
                        >
                          James Smith
                        </h4>
                      </div>
                    </div>
                    <div
                      class="row mt-1 align-items-center"
                    >
                      <div
                        class="col-md-2"
                      >
                        <div
                          class="rounded-circle bg-primary d-flex justify-content-center align-items-center text-white fw-bold"
                          style="width: 40px; height: 40px;"
                        >
                          IG
                        </div>
                      </div>
                      <div
                        class="col-md-5"
                      >
                        <h4
                          class="m-0"
                        >
                          Isabel Garcia
                        </h4>
                      </div>
                    </div>
                    <div
                      class="row mt-1 align-items-center"
                    >
                      <div
                        class="col-md-2"
                      >
                        <div
                          class="rounded-circle bg-primary d-flex justify-content-center align-items-center text-white fw-bold"
                          style="width: 40px; height: 40px;"
                        >
                          MB
                        </div>
                      </div>
                      <div
                        class="col-md-5"
                      >
                        <h4
                          class="m-0"
                        >
                          Madison Butler
                        </h4>
                      </div>
                    </div>
                  </div>
                </div>
              </div>
            </div>
          </div>
          <div
            aria-labelledby="tabs-id-tab-action-items"
            class="fade tab-pane"
            id="tabs-id-tabpane-action-items"
            role="tabpanel"
          >
            <div
              class="row"
            >
              <div
                class="col-md-12"
              >
                <div
                  class="row mt-3 border rounded p-3"
                >
                  <div
                    class="col-md-12"
                  >
                    <i
                      class="bi bi-envelope"
                    />
                    <span
                      class="fw-bold ms-3"
                    >
                      Email Suggestion
                    </span>
                    <h5>
                      Madison Butler to send email about "the quote"
                    </h5>
                  </div>
                </div>
                <div
                  class="row mt-3 border rounded p-3"
                >
                  <div
                    class="col-md-12"
                  >
                    <i
                      class="bi bi-envelope"
                    />
                    <span
                      class="fw-bold ms-3"
                    >
                      Email Suggestion
                    </span>
                    <h5>
                      Madison Butler to send email about "presentation"
                    </h5>
                  </div>
                </div>
              </div>
            </div>
          </div>
          <div
            aria-labelledby="tabs-id-tab-highlights"
            class="fade tab-pane"
            id="tabs-id-tabpane-highlights"
            role="tabpanel"
          >
            <div
              class="row"
            >
              <div
                class="col-md-12"
              >
                <h4>
                  Keywords Mentioned
                </h4>
                <div
                  class="badge bg-primary p-2"
                >
                  quote (2)
                </div>
                <h4
                  class="mt-3"
                >
                  People
                </h4>
                <div
                  class="badge bg-primary p-2"
                >
                  John (1)
                </div>
                <div
                  class="badge bg-primary p-2 ms-3"
                >
                  Peter (1)
                </div>
                <h4
                  class="mt-3"
                >
                  Times
                </h4>
                <div
                  class="badge bg-primary p-2"
                >
                  yesterday (1)
                </div>
                <div
                  class="badge bg-primary p-2 ms-3"
                >
                  today (2)
                </div>
              </div>
            </div>
          </div>
        </div>
      </div>
      <div
        class="col-md-5"
      />
    </div>
  </div>,
  "debug": [Function],
  "findAllByAltText": [Function],
  "findAllByDisplayValue": [Function],
  "findAllByLabelText": [Function],
  "findAllByPlaceholderText": [Function],
  "findAllByRole": [Function],
  "findAllByTestId": [Function],
  "findAllByText": [Function],
  "findAllByTitle": [Function],
  "findByAltText": [Function],
  "findByDisplayValue": [Function],
  "findByLabelText": [Function],
  "findByPlaceholderText": [Function],
  "findByRole": [Function],
  "findByTestId": [Function],
  "findByText": [Function],
  "findByTitle": [Function],
  "getAllByAltText": [Function],
  "getAllByDisplayValue": [Function],
  "getAllByLabelText": [Function],
  "getAllByPlaceholderText": [Function],
  "getAllByRole": [Function],
  "getAllByTestId": [Function],
  "getAllByText": [Function],
  "getAllByTitle": [Function],
  "getByAltText": [Function],
  "getByDisplayValue": [Function],
  "getByLabelText": [Function],
  "getByPlaceholderText": [Function],
  "getByRole": [Function],
  "getByTestId": [Function],
  "getByText": [Function],
  "getByTitle": [Function],
  "queryAllByAltText": [Function],
  "queryAllByDisplayValue": [Function],
  "queryAllByLabelText": [Function],
  "queryAllByPlaceholderText": [Function],
  "queryAllByRole": [Function],
  "queryAllByTestId": [Function],
  "queryAllByText": [Function],
  "queryAllByTitle": [Function],
  "queryByAltText": [Function],
  "queryByDisplayValue": [Function],
  "queryByLabelText": [Function],
  "queryByPlaceholderText": [Function],
  "queryByRole": [Function],
  "queryByTestId": [Function],
  "queryByText": [Function],
  "queryByTitle": [Function],
  "rerender": [Function],
  "unmount": [Function],
}
`;
